#-----------------------------------------------------------
# Webtalk v2021.1 (64-bit)
# SW Build 3247384 on Thu Jun 10 19:36:33 MDT 2021
# IP Build 3246043 on Fri Jun 11 00:30:35 MDT 2021
# Start of session at: Tue Oct 26 09:59:34 2021
# Process ID: 12780
# Current directory: D:/Facultate/Anul3/CN2/Laboratoare/Laborator2/TemaLab2/TemaLab2.sim/sim_1/behav/xsim
# Command line: wbtcv.exe -mode batch -source D:/Facultate/Anul3/CN2/Laboratoare/Laborator2/TemaLab2/TemaLab2.sim/sim_1/behav/xsim/xsim.dir/counter_up_down_tb_behav/webtalk/xsim_webtalk.tcl -notrace
# Log file: D:/Facultate/Anul3/CN2/Laboratoare/Laborator2/TemaLab2/TemaLab2.sim/sim_1/behav/xsim/webtalk.log
# Journal file: D:/Facultate/Anul3/CN2/Laboratoare/Laborator2/TemaLab2/TemaLab2.sim/sim_1/behav/xsim\webtalk.jou
#-----------------------------------------------------------
source D:/Facultate/Anul3/CN2/Laboratoare/Laborator2/TemaLab2/TemaLab2.sim/sim_1/behav/xsim/xsim.dir/counter_up_down_tb_behav/webtalk/xsim_webtalk.tcl -notrace
